// Jest Snapshot v1, https://goo.gl/fbAQLP

exports[`<LikertTypePreview/> renders a likert question 1`] = `ShallowWrapper {}`;
