// Jest Snapshot v1, https://goo.gl/fbAQLP

exports[`<TextAreaTypePreview/> renders a textarea question 1`] = `ShallowWrapper {}`;
