// Jest Snapshot v1, https://goo.gl/fbAQLP

exports[`<RadioCheckboxPreview/> renders a checkbox question 1`] = `ShallowWrapper {}`;
