// Jest Snapshot v1, https://goo.gl/fbAQLP

exports[`<DropdownPreview/> renders a number question 1`] = `ShallowWrapper {}`;
