// Jest Snapshot v1, https://goo.gl/fbAQLP

exports[`<LikertPreview/> renders a number question 1`] = `ShallowWrapper {}`;
