// Jest Snapshot v1, https://goo.gl/fbAQLP

exports[`<NumberTypePreview/> renders a number question 1`] = `ShallowWrapper {}`;
