// Jest Snapshot v1, https://goo.gl/fbAQLP

exports[`<RadioCheckboxTypePreview/> renders a radio question 1`] = `ShallowWrapper {}`;
