// Jest Snapshot v1, https://goo.gl/fbAQLP

exports[`<RangePreview/> renders a range question 1`] = `ShallowWrapper {}`;
