// Jest Snapshot v1, https://goo.gl/fbAQLP

exports[`<TextField/> renders a number question 1`] = `ShallowWrapper {}`;
