// Jest Snapshot v1, https://goo.gl/fbAQLP

exports[`<TextArea/> renders a textarea question 1`] = `ShallowWrapper {}`;
