// Jest Snapshot v1, https://goo.gl/fbAQLP

exports[`<NumberPreview/> renders a number question 1`] = `ShallowWrapper {}`;

exports[`<TimePickerPreview/> renders a number question 1`] = `ShallowWrapper {}`;
